------------------------------------------------------------
Timing Analyzer Summary
------------------------------------------------------------

Type  : Slow 1100mV 100C Model Setup 'clk'
Slack : -0.347
TNS   : -1.624

Type  : Slow 1100mV 100C Model Hold 'clk'
Slack : 0.357
TNS   : 0.000

Type  : Slow 1100mV 100C Model Minimum Pulse Width 'clk'
Slack : -0.538
TNS   : -4.719

Type  : Slow 1100mV -40C Model Setup 'clk'
Slack : -0.399
TNS   : -2.071

Type  : Slow 1100mV -40C Model Hold 'clk'
Slack : 0.337
TNS   : 0.000

Type  : Slow 1100mV -40C Model Minimum Pulse Width 'clk'
Slack : -0.538
TNS   : -4.936

Type  : Fast 1100mV 100C Model Setup 'clk'
Slack : 0.305
TNS   : 0.000

Type  : Fast 1100mV 100C Model Hold 'clk'
Slack : 0.186
TNS   : 0.000

Type  : Fast 1100mV 100C Model Minimum Pulse Width 'clk'
Slack : -0.076
TNS   : -0.450

Type  : Fast 1100mV -40C Model Setup 'clk'
Slack : 0.346
TNS   : 0.000

Type  : Fast 1100mV -40C Model Hold 'clk'
Slack : 0.164
TNS   : 0.000

Type  : Fast 1100mV -40C Model Minimum Pulse Width 'clk'
Slack : -0.082
TNS   : -0.484

------------------------------------------------------------
